[2021-09-03T15:25:26.246+0900][gc,heap] Heap region size: 1M
[2021-09-03T15:25:26.253+0900][gc     ] Using G1
[2021-09-03T15:25:26.253+0900][gc,heap,coops] Heap address: 0x00000007c0000000, size: 1024 MB, Compressed Oops mode: Zero based, Oop shift amount: 3
[2021-09-03T15:25:32.027+0900][gc,start     ] GC(0) Pause Young (Concurrent Start) (Metadata GC Threshold)
[2021-09-03T15:25:32.028+0900][gc,task      ] GC(0) Using 13 workers of 13 for evacuation
[2021-09-03T15:25:32.034+0900][gc,phases    ] GC(0)   Pre Evacuate Collection Set: 0.0ms
[2021-09-03T15:25:32.034+0900][gc,phases    ] GC(0)   Evacuate Collection Set: 5.8ms
[2021-09-03T15:25:32.034+0900][gc,phases    ] GC(0)   Post Evacuate Collection Set: 0.4ms
[2021-09-03T15:25:32.034+0900][gc,phases    ] GC(0)   Other: 1.0ms
[2021-09-03T15:25:32.034+0900][gc,heap      ] GC(0) Eden regions: 42->0(44)
[2021-09-03T15:25:32.034+0900][gc,heap      ] GC(0) Survivor regions: 0->7(7)
[2021-09-03T15:25:32.034+0900][gc,heap      ] GC(0) Old regions: 0->0
[2021-09-03T15:25:32.034+0900][gc,heap      ] GC(0) Humongous regions: 0->0
[2021-09-03T15:25:32.034+0900][gc,metaspace ] GC(0) Metaspace: 20676K->20676K(1069056K)
[2021-09-03T15:25:32.034+0900][gc           ] GC(0) Pause Young (Concurrent Start) (Metadata GC Threshold) 41M->6M(1024M) 7.293ms
[2021-09-03T15:25:32.034+0900][gc,cpu       ] GC(0) User=0.02s Sys=0.01s Real=0.01s
[2021-09-03T15:25:32.034+0900][gc           ] GC(1) Concurrent Cycle
[2021-09-03T15:25:32.034+0900][gc,marking   ] GC(1) Concurrent Clear Claimed Marks
[2021-09-03T15:25:32.034+0900][gc,marking   ] GC(1) Concurrent Clear Claimed Marks 0.011ms
[2021-09-03T15:25:32.034+0900][gc,marking   ] GC(1) Concurrent Scan Root Regions
[2021-09-03T15:25:32.036+0900][gc,marking   ] GC(1) Concurrent Scan Root Regions 1.451ms
[2021-09-03T15:25:32.036+0900][gc,marking   ] GC(1) Concurrent Mark (5.797s)
[2021-09-03T15:25:32.036+0900][gc,marking   ] GC(1) Concurrent Mark From Roots
[2021-09-03T15:25:32.036+0900][gc,task      ] GC(1) Using 3 workers of 3 for marking
[2021-09-03T15:25:32.036+0900][gc,marking   ] GC(1) Concurrent Mark From Roots 0.195ms
[2021-09-03T15:25:32.036+0900][gc,marking   ] GC(1) Concurrent Preclean
[2021-09-03T15:25:32.036+0900][gc,marking   ] GC(1) Concurrent Preclean 0.052ms
[2021-09-03T15:25:32.036+0900][gc,marking   ] GC(1) Concurrent Mark (5.797s, 5.797s) 0.285ms
[2021-09-03T15:25:32.036+0900][gc,start     ] GC(1) Pause Remark
[2021-09-03T15:25:32.037+0900][gc,stringtable] GC(1) Cleaned string and symbol table, strings: 7235 processed, 0 removed, symbols: 63353 processed, 41 removed
[2021-09-03T15:25:32.037+0900][gc            ] GC(1) Pause Remark 7M->7M(1024M) 1.291ms
[2021-09-03T15:25:32.038+0900][gc,cpu        ] GC(1) User=0.00s Sys=0.00s Real=0.00s
[2021-09-03T15:25:32.038+0900][gc,marking    ] GC(1) Concurrent Rebuild Remembered Sets
[2021-09-03T15:25:32.038+0900][gc,marking    ] GC(1) Concurrent Rebuild Remembered Sets 0.120ms
[2021-09-03T15:25:32.038+0900][gc,start      ] GC(1) Pause Cleanup
[2021-09-03T15:25:32.038+0900][gc            ] GC(1) Pause Cleanup 7M->7M(1024M) 0.187ms
[2021-09-03T15:25:32.038+0900][gc,cpu        ] GC(1) User=0.00s Sys=0.00s Real=0.00s
[2021-09-03T15:25:32.038+0900][gc,marking    ] GC(1) Concurrent Cleanup for Next Mark
[2021-09-03T15:25:32.042+0900][gc,marking    ] GC(1) Concurrent Cleanup for Next Mark 4.090ms
[2021-09-03T15:25:32.042+0900][gc            ] GC(1) Concurrent Cycle 8.205ms
[2021-09-03T15:25:33.171+0900][gc,start      ] GC(2) Pause Young (Normal) (G1 Evacuation Pause)
[2021-09-03T15:25:33.171+0900][gc,task       ] GC(2) Using 13 workers of 13 for evacuation
[2021-09-03T15:25:33.177+0900][gc,phases     ] GC(2)   Pre Evacuate Collection Set: 0.0ms
[2021-09-03T15:25:33.177+0900][gc,phases     ] GC(2)   Evacuate Collection Set: 5.0ms
[2021-09-03T15:25:33.177+0900][gc,phases     ] GC(2)   Post Evacuate Collection Set: 0.6ms
[2021-09-03T15:25:33.177+0900][gc,phases     ] GC(2)   Other: 0.2ms
[2021-09-03T15:25:33.177+0900][gc,heap       ] GC(2) Eden regions: 44->0(48)
[2021-09-03T15:25:33.177+0900][gc,heap       ] GC(2) Survivor regions: 7->3(7)
[2021-09-03T15:25:33.177+0900][gc,heap       ] GC(2) Old regions: 0->7
[2021-09-03T15:25:33.177+0900][gc,heap       ] GC(2) Humongous regions: 129->129
[2021-09-03T15:25:33.177+0900][gc,metaspace  ] GC(2) Metaspace: 30964K->30964K(1077248K)
[2021-09-03T15:25:33.177+0900][gc            ] GC(2) Pause Young (Normal) (G1 Evacuation Pause) 179M->137M(1024M) 5.892ms
[2021-09-03T15:25:33.177+0900][gc,cpu        ] GC(2) User=0.05s Sys=0.02s Real=0.00s
[2021-09-03T15:25:33.383+0900][gc,start      ] GC(3) Pause Young (Concurrent Start) (Metadata GC Threshold)
[2021-09-03T15:25:33.383+0900][gc,task       ] GC(3) Using 13 workers of 13 for evacuation
[2021-09-03T15:25:33.385+0900][gc,phases     ] GC(3)   Pre Evacuate Collection Set: 0.1ms
[2021-09-03T15:25:33.386+0900][gc,phases     ] GC(3)   Evacuate Collection Set: 1.8ms
[2021-09-03T15:25:33.386+0900][gc,phases     ] GC(3)   Post Evacuate Collection Set: 0.3ms
[2021-09-03T15:25:33.386+0900][gc,phases     ] GC(3)   Other: 0.1ms
[2021-09-03T15:25:33.386+0900][gc,heap       ] GC(3) Eden regions: 22->0(47)
[2021-09-03T15:25:33.386+0900][gc,heap       ] GC(3) Survivor regions: 3->4(7)
[2021-09-03T15:25:33.386+0900][gc,heap       ] GC(3) Old regions: 7->7
[2021-09-03T15:25:33.386+0900][gc,heap       ] GC(3) Humongous regions: 129->129
[2021-09-03T15:25:33.386+0900][gc,metaspace  ] GC(3) Metaspace: 34921K->34921K(1081344K)
[2021-09-03T15:25:33.386+0900][gc            ] GC(3) Pause Young (Concurrent Start) (Metadata GC Threshold) 159M->139M(1024M) 2.417ms
[2021-09-03T15:25:33.386+0900][gc,cpu        ] GC(3) User=0.02s Sys=0.00s Real=0.00s
[2021-09-03T15:25:33.386+0900][gc            ] GC(4) Concurrent Cycle
[2021-09-03T15:25:33.386+0900][gc,marking    ] GC(4) Concurrent Clear Claimed Marks
[2021-09-03T15:25:33.386+0900][gc,marking    ] GC(4) Concurrent Clear Claimed Marks 0.046ms
[2021-09-03T15:25:33.386+0900][gc,marking    ] GC(4) Concurrent Scan Root Regions
[2021-09-03T15:25:33.387+0900][gc,marking    ] GC(4) Concurrent Scan Root Regions 1.433ms
[2021-09-03T15:25:33.387+0900][gc,marking    ] GC(4) Concurrent Mark (7.148s)
[2021-09-03T15:25:33.387+0900][gc,marking    ] GC(4) Concurrent Mark From Roots
[2021-09-03T15:25:33.387+0900][gc,task       ] GC(4) Using 3 workers of 3 for marking
[2021-09-03T15:25:33.390+0900][gc,marking    ] GC(4) Concurrent Mark From Roots 2.515ms
[2021-09-03T15:25:33.390+0900][gc,marking    ] GC(4) Concurrent Preclean
[2021-09-03T15:25:33.390+0900][gc,marking    ] GC(4) Concurrent Preclean 0.070ms
[2021-09-03T15:25:33.390+0900][gc,marking    ] GC(4) Concurrent Mark (7.148s, 7.151s) 2.669ms
[2021-09-03T15:25:33.390+0900][gc,start      ] GC(4) Pause Remark
[2021-09-03T15:25:33.391+0900][gc,stringtable] GC(4) Cleaned string and symbol table, strings: 11700 processed, 9 removed, symbols: 94098 processed, 31 removed
[2021-09-03T15:25:33.392+0900][gc            ] GC(4) Pause Remark 140M->140M(1024M) 1.437ms
[2021-09-03T15:25:33.392+0900][gc,cpu        ] GC(4) User=0.01s Sys=0.00s Real=0.00s
[2021-09-03T15:25:33.392+0900][gc,marking    ] GC(4) Concurrent Rebuild Remembered Sets
[2021-09-03T15:25:33.394+0900][gc,marking    ] GC(4) Concurrent Rebuild Remembered Sets 1.926ms
[2021-09-03T15:25:33.394+0900][gc,start      ] GC(4) Pause Cleanup
[2021-09-03T15:25:33.394+0900][gc            ] GC(4) Pause Cleanup 140M->140M(1024M) 0.177ms
[2021-09-03T15:25:33.394+0900][gc,cpu        ] GC(4) User=0.01s Sys=0.00s Real=0.00s
[2021-09-03T15:25:33.394+0900][gc,marking    ] GC(4) Concurrent Cleanup for Next Mark
[2021-09-03T15:25:33.399+0900][gc,marking    ] GC(4) Concurrent Cleanup for Next Mark 4.501ms
[2021-09-03T15:25:33.399+0900][gc            ] GC(4) Concurrent Cycle 13.222ms
[2021-09-03T15:25:37.050+0900][gc,heap,exit  ] Heap
[2021-09-03T15:25:37.051+0900][gc,heap,exit  ]  garbage-first heap   total 1048576K, used 150709K [0x00000007c0000000, 0x0000000800000000)
[2021-09-03T15:25:37.051+0900][gc,heap,exit  ]   region size 1024K, 13 young (13312K), 4 survivors (4096K)
[2021-09-03T15:25:37.051+0900][gc,heap,exit  ]  Metaspace       used 35891K, capacity 36923K, committed 37168K, reserved 1081344K
[2021-09-03T15:25:37.051+0900][gc,heap,exit  ]   class space    used 4398K, capacity 4850K, committed 4912K, reserved 1048576K
