[2021-09-03T15:45:07.779+0900][gc,heap] Heap region size: 1M
[2021-09-03T15:45:07.786+0900][gc     ] Using G1
[2021-09-03T15:45:07.786+0900][gc,heap,coops] Heap address: 0x00000007c0000000, size: 1024 MB, Compressed Oops mode: Zero based, Oop shift amount: 3
[2021-09-03T15:45:13.538+0900][gc,start     ] GC(0) Pause Young (Concurrent Start) (Metadata GC Threshold)
[2021-09-03T15:45:13.539+0900][gc,task      ] GC(0) Using 13 workers of 13 for evacuation
[2021-09-03T15:45:13.545+0900][gc,phases    ] GC(0)   Pre Evacuate Collection Set: 0.0ms
[2021-09-03T15:45:13.545+0900][gc,phases    ] GC(0)   Evacuate Collection Set: 5.3ms
[2021-09-03T15:45:13.545+0900][gc,phases    ] GC(0)   Post Evacuate Collection Set: 0.4ms
[2021-09-03T15:45:13.545+0900][gc,phases    ] GC(0)   Other: 1.1ms
[2021-09-03T15:45:13.545+0900][gc,heap      ] GC(0) Eden regions: 41->0(44)
[2021-09-03T15:45:13.545+0900][gc,heap      ] GC(0) Survivor regions: 0->7(7)
[2021-09-03T15:45:13.545+0900][gc,heap      ] GC(0) Old regions: 0->0
[2021-09-03T15:45:13.545+0900][gc,heap      ] GC(0) Humongous regions: 0->0
[2021-09-03T15:45:13.545+0900][gc,metaspace ] GC(0) Metaspace: 20499K->20499K(1069056K)
[2021-09-03T15:45:13.545+0900][gc           ] GC(0) Pause Young (Concurrent Start) (Metadata GC Threshold) 41M->6M(1024M) 7.051ms
[2021-09-03T15:45:13.545+0900][gc,cpu       ] GC(0) User=0.02s Sys=0.01s Real=0.01s
[2021-09-03T15:45:13.545+0900][gc           ] GC(1) Concurrent Cycle
[2021-09-03T15:45:13.545+0900][gc,marking   ] GC(1) Concurrent Clear Claimed Marks
[2021-09-03T15:45:13.545+0900][gc,marking   ] GC(1) Concurrent Clear Claimed Marks 0.013ms
[2021-09-03T15:45:13.545+0900][gc,marking   ] GC(1) Concurrent Scan Root Regions
[2021-09-03T15:45:13.547+0900][gc,marking   ] GC(1) Concurrent Scan Root Regions 1.665ms
[2021-09-03T15:45:13.547+0900][gc,marking   ] GC(1) Concurrent Mark (5.775s)
[2021-09-03T15:45:13.547+0900][gc,marking   ] GC(1) Concurrent Mark From Roots
[2021-09-03T15:45:13.547+0900][gc,task      ] GC(1) Using 3 workers of 3 for marking
[2021-09-03T15:45:13.547+0900][gc,marking   ] GC(1) Concurrent Mark From Roots 0.203ms
[2021-09-03T15:45:13.547+0900][gc,marking   ] GC(1) Concurrent Preclean
[2021-09-03T15:45:13.547+0900][gc,marking   ] GC(1) Concurrent Preclean 0.028ms
[2021-09-03T15:45:13.547+0900][gc,marking   ] GC(1) Concurrent Mark (5.775s, 5.775s) 0.305ms
[2021-09-03T15:45:13.548+0900][gc,start     ] GC(1) Pause Remark
[2021-09-03T15:45:13.549+0900][gc,stringtable] GC(1) Cleaned string and symbol table, strings: 7233 processed, 0 removed, symbols: 63207 processed, 42 removed
[2021-09-03T15:45:13.549+0900][gc            ] GC(1) Pause Remark 7M->7M(1024M) 1.353ms
[2021-09-03T15:45:13.549+0900][gc,cpu        ] GC(1) User=0.01s Sys=0.00s Real=0.00s
[2021-09-03T15:45:13.549+0900][gc,marking    ] GC(1) Concurrent Rebuild Remembered Sets
[2021-09-03T15:45:13.549+0900][gc,marking    ] GC(1) Concurrent Rebuild Remembered Sets 0.167ms
[2021-09-03T15:45:13.549+0900][gc,start      ] GC(1) Pause Cleanup
[2021-09-03T15:45:13.550+0900][gc            ] GC(1) Pause Cleanup 7M->7M(1024M) 0.182ms
[2021-09-03T15:45:13.550+0900][gc,cpu        ] GC(1) User=0.00s Sys=0.00s Real=0.01s
[2021-09-03T15:45:13.550+0900][gc,marking    ] GC(1) Concurrent Cleanup for Next Mark
[2021-09-03T15:45:13.554+0900][gc,marking    ] GC(1) Concurrent Cleanup for Next Mark 4.640ms
[2021-09-03T15:45:13.554+0900][gc            ] GC(1) Concurrent Cycle 9.101ms
[2021-09-03T15:45:14.410+0900][gc,start      ] GC(2) Pause Young (Normal) (G1 Evacuation Pause)
[2021-09-03T15:45:14.410+0900][gc,task       ] GC(2) Using 13 workers of 13 for evacuation
[2021-09-03T15:45:14.415+0900][gc,phases     ] GC(2)   Pre Evacuate Collection Set: 0.0ms
[2021-09-03T15:45:14.415+0900][gc,phases     ] GC(2)   Evacuate Collection Set: 4.5ms
[2021-09-03T15:45:14.415+0900][gc,phases     ] GC(2)   Post Evacuate Collection Set: 0.4ms
[2021-09-03T15:45:14.415+0900][gc,phases     ] GC(2)   Other: 0.2ms
[2021-09-03T15:45:14.415+0900][gc,heap       ] GC(2) Eden regions: 44->0(48)
[2021-09-03T15:45:14.415+0900][gc,heap       ] GC(2) Survivor regions: 7->3(7)
[2021-09-03T15:45:14.415+0900][gc,heap       ] GC(2) Old regions: 0->7
[2021-09-03T15:45:14.415+0900][gc,heap       ] GC(2) Humongous regions: 129->129
[2021-09-03T15:45:14.415+0900][gc,metaspace  ] GC(2) Metaspace: 30802K->30802K(1077248K)
[2021-09-03T15:45:14.415+0900][gc            ] GC(2) Pause Young (Normal) (G1 Evacuation Pause) 179M->137M(1024M) 5.106ms
[2021-09-03T15:45:14.415+0900][gc,cpu        ] GC(2) User=0.03s Sys=0.02s Real=0.00s
[2021-09-03T15:45:14.575+0900][gc,start      ] GC(3) Pause Young (Concurrent Start) (Metadata GC Threshold)
[2021-09-03T15:45:14.575+0900][gc,task       ] GC(3) Using 13 workers of 13 for evacuation
[2021-09-03T15:45:14.577+0900][gc,phases     ] GC(3)   Pre Evacuate Collection Set: 0.1ms
[2021-09-03T15:45:14.577+0900][gc,phases     ] GC(3)   Evacuate Collection Set: 1.4ms
[2021-09-03T15:45:14.577+0900][gc,phases     ] GC(3)   Post Evacuate Collection Set: 0.3ms
[2021-09-03T15:45:14.577+0900][gc,phases     ] GC(3)   Other: 0.2ms
[2021-09-03T15:45:14.577+0900][gc,heap       ] GC(3) Eden regions: 18->0(48)
[2021-09-03T15:45:14.577+0900][gc,heap       ] GC(3) Survivor regions: 3->3(7)
[2021-09-03T15:45:14.577+0900][gc,heap       ] GC(3) Old regions: 7->7
[2021-09-03T15:45:14.577+0900][gc,heap       ] GC(3) Humongous regions: 129->129
[2021-09-03T15:45:14.577+0900][gc,metaspace  ] GC(3) Metaspace: 34645K->34645K(1081344K)
[2021-09-03T15:45:14.577+0900][gc            ] GC(3) Pause Young (Concurrent Start) (Metadata GC Threshold) 155M->138M(1024M) 2.010ms
[2021-09-03T15:45:14.577+0900][gc,cpu        ] GC(3) User=0.02s Sys=0.00s Real=0.00s
[2021-09-03T15:45:14.577+0900][gc            ] GC(4) Concurrent Cycle
[2021-09-03T15:45:14.577+0900][gc,marking    ] GC(4) Concurrent Clear Claimed Marks
[2021-09-03T15:45:14.577+0900][gc,marking    ] GC(4) Concurrent Clear Claimed Marks 0.043ms
[2021-09-03T15:45:14.577+0900][gc,marking    ] GC(4) Concurrent Scan Root Regions
[2021-09-03T15:45:14.578+0900][gc,marking    ] GC(4) Concurrent Scan Root Regions 0.925ms
[2021-09-03T15:45:14.578+0900][gc,marking    ] GC(4) Concurrent Mark (6.806s)
[2021-09-03T15:45:14.578+0900][gc,marking    ] GC(4) Concurrent Mark From Roots
[2021-09-03T15:45:14.578+0900][gc,task       ] GC(4) Using 3 workers of 3 for marking
[2021-09-03T15:45:14.581+0900][gc,marking    ] GC(4) Concurrent Mark From Roots 3.089ms
[2021-09-03T15:45:14.582+0900][gc,marking    ] GC(4) Concurrent Preclean
[2021-09-03T15:45:14.582+0900][gc,marking    ] GC(4) Concurrent Preclean 0.097ms
[2021-09-03T15:45:14.582+0900][gc,marking    ] GC(4) Concurrent Mark (6.806s, 6.809s) 3.293ms
[2021-09-03T15:45:14.582+0900][gc,start      ] GC(4) Pause Remark
[2021-09-03T15:45:14.583+0900][gc,stringtable] GC(4) Cleaned string and symbol table, strings: 10887 processed, 9 removed, symbols: 93887 processed, 29 removed
[2021-09-03T15:45:14.583+0900][gc            ] GC(4) Pause Remark 138M->138M(1024M) 1.314ms
[2021-09-03T15:45:14.583+0900][gc,cpu        ] GC(4) User=0.02s Sys=0.00s Real=0.00s
[2021-09-03T15:45:14.583+0900][gc,marking    ] GC(4) Concurrent Rebuild Remembered Sets
[2021-09-03T15:45:14.585+0900][gc,marking    ] GC(4) Concurrent Rebuild Remembered Sets 1.912ms
[2021-09-03T15:45:14.585+0900][gc,start      ] GC(4) Pause Cleanup
[2021-09-03T15:45:14.585+0900][gc            ] GC(4) Pause Cleanup 138M->138M(1024M) 0.160ms
[2021-09-03T15:45:14.586+0900][gc,cpu        ] GC(4) User=0.00s Sys=0.00s Real=0.00s
[2021-09-03T15:45:14.586+0900][gc,marking    ] GC(4) Concurrent Cleanup for Next Mark
[2021-09-03T15:45:14.590+0900][gc,marking    ] GC(4) Concurrent Cleanup for Next Mark 4.289ms
[2021-09-03T15:45:14.590+0900][gc            ] GC(4) Concurrent Cycle 12.636ms
[2021-09-03T15:46:59.405+0900][gc,start      ] GC(5) Pause Young (Normal) (G1 Evacuation Pause)
[2021-09-03T15:46:59.406+0900][gc,task       ] GC(5) Using 13 workers of 13 for evacuation
[2021-09-03T15:46:59.411+0900][gc,phases     ] GC(5)   Pre Evacuate Collection Set: 0.0ms
[2021-09-03T15:46:59.411+0900][gc,phases     ] GC(5)   Evacuate Collection Set: 4.3ms
[2021-09-03T15:46:59.411+0900][gc,phases     ] GC(5)   Post Evacuate Collection Set: 0.5ms
[2021-09-03T15:46:59.411+0900][gc,phases     ] GC(5)   Other: 0.4ms
[2021-09-03T15:46:59.411+0900][gc,heap       ] GC(5) Eden regions: 48->0(44)
[2021-09-03T15:46:59.411+0900][gc,heap       ] GC(5) Survivor regions: 3->7(7)
[2021-09-03T15:46:59.411+0900][gc,heap       ] GC(5) Old regions: 7->7
[2021-09-03T15:46:59.411+0900][gc,heap       ] GC(5) Humongous regions: 129->129
[2021-09-03T15:46:59.411+0900][gc,metaspace  ] GC(5) Metaspace: 43819K->43819K(1089536K)
[2021-09-03T15:46:59.411+0900][gc            ] GC(5) Pause Young (Normal) (G1 Evacuation Pause) 186M->141M(1024M) 5.266ms
[2021-09-03T15:46:59.411+0900][gc,cpu        ] GC(5) User=0.05s Sys=0.01s Real=0.01s
[2021-09-03T15:50:36.807+0900][gc,start      ] GC(6) Pause Young (Normal) (G1 Evacuation Pause)
[2021-09-03T15:50:36.807+0900][gc,task       ] GC(6) Using 13 workers of 13 for evacuation
[2021-09-03T15:50:36.813+0900][gc,phases     ] GC(6)   Pre Evacuate Collection Set: 0.0ms
[2021-09-03T15:50:36.813+0900][gc,phases     ] GC(6)   Evacuate Collection Set: 5.0ms
[2021-09-03T15:50:36.813+0900][gc,phases     ] GC(6)   Post Evacuate Collection Set: 0.6ms
[2021-09-03T15:50:36.813+0900][gc,phases     ] GC(6)   Other: 0.2ms
[2021-09-03T15:50:36.813+0900][gc,heap       ] GC(6) Eden regions: 44->0(47)
[2021-09-03T15:50:36.813+0900][gc,heap       ] GC(6) Survivor regions: 7->4(7)
[2021-09-03T15:50:36.813+0900][gc,heap       ] GC(6) Old regions: 7->13
[2021-09-03T15:50:36.813+0900][gc,heap       ] GC(6) Humongous regions: 129->129
[2021-09-03T15:50:36.813+0900][gc,metaspace  ] GC(6) Metaspace: 49888K->49888K(1093632K)
[2021-09-03T15:50:36.813+0900][gc            ] GC(6) Pause Young (Normal) (G1 Evacuation Pause) 185M->144M(1024M) 5.951ms
[2021-09-03T15:50:36.813+0900][gc,cpu        ] GC(6) User=0.05s Sys=0.01s Real=0.01s
[2021-09-03T16:04:16.810+0900][gc,start      ] GC(7) Pause Young (Normal) (G1 Evacuation Pause)
[2021-09-03T16:04:16.810+0900][gc,task       ] GC(7) Using 13 workers of 13 for evacuation
[2021-09-03T16:04:16.815+0900][gc,phases     ] GC(7)   Pre Evacuate Collection Set: 0.0ms
[2021-09-03T16:04:16.815+0900][gc,phases     ] GC(7)   Evacuate Collection Set: 3.6ms
[2021-09-03T16:04:16.815+0900][gc,phases     ] GC(7)   Post Evacuate Collection Set: 0.4ms
[2021-09-03T16:04:16.815+0900][gc,phases     ] GC(7)   Other: 0.3ms
[2021-09-03T16:04:16.815+0900][gc,heap       ] GC(7) Eden regions: 47->0(45)
[2021-09-03T16:04:16.815+0900][gc,heap       ] GC(7) Survivor regions: 4->6(7)
[2021-09-03T16:04:16.815+0900][gc,heap       ] GC(7) Old regions: 13->13
[2021-09-03T16:04:16.815+0900][gc,heap       ] GC(7) Humongous regions: 129->129
[2021-09-03T16:04:16.815+0900][gc,metaspace  ] GC(7) Metaspace: 51110K->51110K(1095680K)
[2021-09-03T16:04:16.815+0900][gc            ] GC(7) Pause Young (Normal) (G1 Evacuation Pause) 191M->146M(1024M) 4.567ms
[2021-09-03T16:04:16.815+0900][gc,cpu        ] GC(7) User=0.04s Sys=0.00s Real=0.00s
[2021-09-03T16:19:35.361+0900][gc,start      ] GC(8) Pause Young (Normal) (G1 Evacuation Pause)
[2021-09-03T16:19:35.361+0900][gc,task       ] GC(8) Using 13 workers of 13 for evacuation
[2021-09-03T16:19:35.365+0900][gc,phases     ] GC(8)   Pre Evacuate Collection Set: 0.0ms
[2021-09-03T16:19:35.365+0900][gc,phases     ] GC(8)   Evacuate Collection Set: 3.2ms
[2021-09-03T16:19:35.365+0900][gc,phases     ] GC(8)   Post Evacuate Collection Set: 0.5ms
[2021-09-03T16:19:35.365+0900][gc,phases     ] GC(8)   Other: 0.3ms
[2021-09-03T16:19:35.365+0900][gc,heap       ] GC(8) Eden regions: 45->0(48)
[2021-09-03T16:19:35.365+0900][gc,heap       ] GC(8) Survivor regions: 6->3(7)
[2021-09-03T16:19:35.365+0900][gc,heap       ] GC(8) Old regions: 13->16
[2021-09-03T16:19:35.365+0900][gc,heap       ] GC(8) Humongous regions: 129->129
[2021-09-03T16:19:35.365+0900][gc,metaspace  ] GC(8) Metaspace: 51216K->51216K(1095680K)
[2021-09-03T16:19:35.365+0900][gc            ] GC(8) Pause Young (Normal) (G1 Evacuation Pause) 191M->146M(1024M) 4.097ms
[2021-09-03T16:19:35.365+0900][gc,cpu        ] GC(8) User=0.04s Sys=0.01s Real=0.00s
[2021-09-03T16:33:29.595+0900][gc,start      ] GC(9) Pause Young (Normal) (G1 Evacuation Pause)
[2021-09-03T16:33:29.595+0900][gc,task       ] GC(9) Using 13 workers of 13 for evacuation
[2021-09-03T16:33:29.598+0900][gc,phases     ] GC(9)   Pre Evacuate Collection Set: 0.0ms
[2021-09-03T16:33:29.598+0900][gc,phases     ] GC(9)   Evacuate Collection Set: 2.0ms
[2021-09-03T16:33:29.598+0900][gc,phases     ] GC(9)   Post Evacuate Collection Set: 1.0ms
[2021-09-03T16:33:29.598+0900][gc,phases     ] GC(9)   Other: 0.2ms
[2021-09-03T16:33:29.598+0900][gc,heap       ] GC(9) Eden regions: 48->0(57)
[2021-09-03T16:33:29.598+0900][gc,heap       ] GC(9) Survivor regions: 3->3(7)
[2021-09-03T16:33:29.598+0900][gc,heap       ] GC(9) Old regions: 16->16
[2021-09-03T16:33:29.598+0900][gc,heap       ] GC(9) Humongous regions: 129->129
[2021-09-03T16:33:29.598+0900][gc,metaspace  ] GC(9) Metaspace: 51443K->51443K(1095680K)
[2021-09-03T16:33:29.599+0900][gc            ] GC(9) Pause Young (Normal) (G1 Evacuation Pause) 194M->146M(1024M) 3.452ms
[2021-09-03T16:33:29.599+0900][gc,cpu        ] GC(9) User=0.02s Sys=0.00s Real=0.00s
[2021-09-03T16:45:46.444+0900][gc,start      ] GC(10) Pause Young (Normal) (G1 Evacuation Pause)
[2021-09-03T16:45:46.444+0900][gc,task       ] GC(10) Using 13 workers of 13 for evacuation
[2021-09-03T16:45:46.446+0900][gc,phases     ] GC(10)   Pre Evacuate Collection Set: 0.0ms
[2021-09-03T16:45:46.446+0900][gc,phases     ] GC(10)   Evacuate Collection Set: 1.7ms
[2021-09-03T16:45:46.446+0900][gc,phases     ] GC(10)   Post Evacuate Collection Set: 0.3ms
[2021-09-03T16:45:46.446+0900][gc,phases     ] GC(10)   Other: 0.2ms
[2021-09-03T16:45:46.446+0900][gc,heap       ] GC(10) Eden regions: 57->0(85)
[2021-09-03T16:45:46.446+0900][gc,heap       ] GC(10) Survivor regions: 3->3(8)
[2021-09-03T16:45:46.446+0900][gc,heap       ] GC(10) Old regions: 16->16
[2021-09-03T16:45:46.446+0900][gc,heap       ] GC(10) Humongous regions: 129->129
[2021-09-03T16:45:46.446+0900][gc,metaspace  ] GC(10) Metaspace: 51558K->51558K(1095680K)
[2021-09-03T16:45:46.446+0900][gc            ] GC(10) Pause Young (Normal) (G1 Evacuation Pause) 203M->146M(1024M) 2.416ms
[2021-09-03T16:45:46.446+0900][gc,cpu        ] GC(10) User=0.02s Sys=0.00s Real=0.00s
[2021-09-03T16:47:49.718+0900][gc,heap,exit  ] Heap
[2021-09-03T16:47:49.718+0900][gc,heap,exit  ]  garbage-first heap   total 1048576K, used 172627K [0x00000007c0000000, 0x0000000800000000)
[2021-09-03T16:47:49.718+0900][gc,heap,exit  ]   region size 1024K, 26 young (26624K), 3 survivors (3072K)
[2021-09-03T16:47:49.718+0900][gc,heap,exit  ]  Metaspace       used 52462K, capacity 55428K, committed 55596K, reserved 1095680K
[2021-09-03T16:47:49.718+0900][gc,heap,exit  ]   class space    used 7003K, capacity 8433K, committed 8492K, reserved 1048576K
