[2021-09-03T15:29:56.192+0900][gc,heap] Heap region size: 1M
[2021-09-03T15:29:56.200+0900][gc     ] Using G1
[2021-09-03T15:29:56.200+0900][gc,heap,coops] Heap address: 0x00000007c0000000, size: 1024 MB, Compressed Oops mode: Zero based, Oop shift amount: 3
[2021-09-03T15:30:01.973+0900][gc,start     ] GC(0) Pause Young (Concurrent Start) (Metadata GC Threshold)
[2021-09-03T15:30:01.974+0900][gc,task      ] GC(0) Using 13 workers of 13 for evacuation
[2021-09-03T15:30:01.980+0900][gc,phases    ] GC(0)   Pre Evacuate Collection Set: 0.0ms
[2021-09-03T15:30:01.980+0900][gc,phases    ] GC(0)   Evacuate Collection Set: 5.4ms
[2021-09-03T15:30:01.980+0900][gc,phases    ] GC(0)   Post Evacuate Collection Set: 0.4ms
[2021-09-03T15:30:01.980+0900][gc,phases    ] GC(0)   Other: 1.0ms
[2021-09-03T15:30:01.980+0900][gc,heap      ] GC(0) Eden regions: 42->0(44)
[2021-09-03T15:30:01.980+0900][gc,heap      ] GC(0) Survivor regions: 0->7(7)
[2021-09-03T15:30:01.980+0900][gc,heap      ] GC(0) Old regions: 0->0
[2021-09-03T15:30:01.980+0900][gc,heap      ] GC(0) Humongous regions: 0->0
[2021-09-03T15:30:01.980+0900][gc,metaspace ] GC(0) Metaspace: 20786K->20786K(1069056K)
[2021-09-03T15:30:01.980+0900][gc           ] GC(0) Pause Young (Concurrent Start) (Metadata GC Threshold) 41M->6M(1024M) 6.905ms
[2021-09-03T15:30:01.980+0900][gc,cpu       ] GC(0) User=0.01s Sys=0.01s Real=0.01s
[2021-09-03T15:30:01.980+0900][gc           ] GC(1) Concurrent Cycle
[2021-09-03T15:30:01.980+0900][gc,marking   ] GC(1) Concurrent Clear Claimed Marks
[2021-09-03T15:30:01.980+0900][gc,marking   ] GC(1) Concurrent Clear Claimed Marks 0.012ms
[2021-09-03T15:30:01.980+0900][gc,marking   ] GC(1) Concurrent Scan Root Regions
[2021-09-03T15:30:01.982+0900][gc,marking   ] GC(1) Concurrent Scan Root Regions 1.868ms
[2021-09-03T15:30:01.982+0900][gc,marking   ] GC(1) Concurrent Mark (5.797s)
[2021-09-03T15:30:01.982+0900][gc,marking   ] GC(1) Concurrent Mark From Roots
[2021-09-03T15:30:01.982+0900][gc,task      ] GC(1) Using 3 workers of 3 for marking
[2021-09-03T15:30:01.982+0900][gc,marking   ] GC(1) Concurrent Mark From Roots 0.221ms
[2021-09-03T15:30:01.982+0900][gc,marking   ] GC(1) Concurrent Preclean
[2021-09-03T15:30:01.982+0900][gc,marking   ] GC(1) Concurrent Preclean 0.030ms
[2021-09-03T15:30:01.982+0900][gc,marking   ] GC(1) Concurrent Mark (5.797s, 5.797s) 0.341ms
[2021-09-03T15:30:01.982+0900][gc,start     ] GC(1) Pause Remark
[2021-09-03T15:30:01.984+0900][gc,stringtable] GC(1) Cleaned string and symbol table, strings: 7245 processed, 0 removed, symbols: 63382 processed, 41 removed
[2021-09-03T15:30:01.984+0900][gc            ] GC(1) Pause Remark 7M->7M(1024M) 1.389ms
[2021-09-03T15:30:01.984+0900][gc,cpu        ] GC(1) User=0.01s Sys=0.00s Real=0.00s
[2021-09-03T15:30:01.984+0900][gc,marking    ] GC(1) Concurrent Rebuild Remembered Sets
[2021-09-03T15:30:01.984+0900][gc,marking    ] GC(1) Concurrent Rebuild Remembered Sets 0.122ms
[2021-09-03T15:30:01.984+0900][gc,start      ] GC(1) Pause Cleanup
[2021-09-03T15:30:01.984+0900][gc            ] GC(1) Pause Cleanup 7M->7M(1024M) 0.166ms
[2021-09-03T15:30:01.984+0900][gc,cpu        ] GC(1) User=0.00s Sys=0.00s Real=0.00s
[2021-09-03T15:30:01.984+0900][gc,marking    ] GC(1) Concurrent Cleanup for Next Mark
[2021-09-03T15:30:01.989+0900][gc,marking    ] GC(1) Concurrent Cleanup for Next Mark 4.212ms
[2021-09-03T15:30:01.989+0900][gc            ] GC(1) Concurrent Cycle 8.791ms
[2021-09-03T15:30:02.853+0900][gc,start      ] GC(2) Pause Young (Normal) (G1 Evacuation Pause)
[2021-09-03T15:30:02.853+0900][gc,task       ] GC(2) Using 13 workers of 13 for evacuation
[2021-09-03T15:30:02.858+0900][gc,phases     ] GC(2)   Pre Evacuate Collection Set: 0.0ms
[2021-09-03T15:30:02.858+0900][gc,phases     ] GC(2)   Evacuate Collection Set: 4.4ms
[2021-09-03T15:30:02.858+0900][gc,phases     ] GC(2)   Post Evacuate Collection Set: 0.4ms
[2021-09-03T15:30:02.858+0900][gc,phases     ] GC(2)   Other: 0.1ms
[2021-09-03T15:30:02.858+0900][gc,heap       ] GC(2) Eden regions: 44->0(48)
[2021-09-03T15:30:02.858+0900][gc,heap       ] GC(2) Survivor regions: 7->3(7)
[2021-09-03T15:30:02.858+0900][gc,heap       ] GC(2) Old regions: 0->7
[2021-09-03T15:30:02.858+0900][gc,heap       ] GC(2) Humongous regions: 129->129
[2021-09-03T15:30:02.858+0900][gc,metaspace  ] GC(2) Metaspace: 30874K->30874K(1077248K)
[2021-09-03T15:30:02.858+0900][gc            ] GC(2) Pause Young (Normal) (G1 Evacuation Pause) 179M->137M(1024M) 5.053ms
[2021-09-03T15:30:02.858+0900][gc,cpu        ] GC(2) User=0.04s Sys=0.01s Real=0.00s
[2021-09-03T15:30:03.077+0900][gc,start      ] GC(3) Pause Young (Concurrent Start) (Metadata GC Threshold)
[2021-09-03T15:30:03.077+0900][gc,task       ] GC(3) Using 13 workers of 13 for evacuation
[2021-09-03T15:30:03.079+0900][gc,phases     ] GC(3)   Pre Evacuate Collection Set: 0.1ms
[2021-09-03T15:30:03.080+0900][gc,phases     ] GC(3)   Evacuate Collection Set: 1.9ms
[2021-09-03T15:30:03.080+0900][gc,phases     ] GC(3)   Post Evacuate Collection Set: 0.3ms
[2021-09-03T15:30:03.080+0900][gc,phases     ] GC(3)   Other: 0.1ms
[2021-09-03T15:30:03.080+0900][gc,heap       ] GC(3) Eden regions: 23->0(47)
[2021-09-03T15:30:03.080+0900][gc,heap       ] GC(3) Survivor regions: 3->4(7)
[2021-09-03T15:30:03.080+0900][gc,heap       ] GC(3) Old regions: 7->7
[2021-09-03T15:30:03.080+0900][gc,heap       ] GC(3) Humongous regions: 129->129
[2021-09-03T15:30:03.080+0900][gc,metaspace  ] GC(3) Metaspace: 34977K->34977K(1081344K)
[2021-09-03T15:30:03.080+0900][gc            ] GC(3) Pause Young (Concurrent Start) (Metadata GC Threshold) 160M->139M(1024M) 2.488ms
[2021-09-03T15:30:03.080+0900][gc,cpu        ] GC(3) User=0.02s Sys=0.00s Real=0.01s
[2021-09-03T15:30:03.080+0900][gc            ] GC(4) Concurrent Cycle
[2021-09-03T15:30:03.080+0900][gc,marking    ] GC(4) Concurrent Clear Claimed Marks
[2021-09-03T15:30:03.080+0900][gc,marking    ] GC(4) Concurrent Clear Claimed Marks 0.071ms
[2021-09-03T15:30:03.080+0900][gc,marking    ] GC(4) Concurrent Scan Root Regions
[2021-09-03T15:30:03.081+0900][gc,marking    ] GC(4) Concurrent Scan Root Regions 1.128ms
[2021-09-03T15:30:03.081+0900][gc,marking    ] GC(4) Concurrent Mark (6.896s)
[2021-09-03T15:30:03.081+0900][gc,marking    ] GC(4) Concurrent Mark From Roots
[2021-09-03T15:30:03.081+0900][gc,task       ] GC(4) Using 3 workers of 3 for marking
[2021-09-03T15:30:03.084+0900][gc,marking    ] GC(4) Concurrent Mark From Roots 2.965ms
[2021-09-03T15:30:03.084+0900][gc,marking    ] GC(4) Concurrent Preclean
[2021-09-03T15:30:03.084+0900][gc,marking    ] GC(4) Concurrent Preclean 0.053ms
[2021-09-03T15:30:03.084+0900][gc,marking    ] GC(4) Concurrent Mark (6.896s, 6.899s) 3.095ms
[2021-09-03T15:30:03.084+0900][gc,start      ] GC(4) Pause Remark
[2021-09-03T15:30:03.086+0900][gc,stringtable] GC(4) Cleaned string and symbol table, strings: 11403 processed, 9 removed, symbols: 94149 processed, 29 removed
[2021-09-03T15:30:03.086+0900][gc            ] GC(4) Pause Remark 139M->139M(1024M) 1.584ms
[2021-09-03T15:30:03.086+0900][gc,cpu        ] GC(4) User=0.02s Sys=0.00s Real=0.00s
[2021-09-03T15:30:03.086+0900][gc,marking    ] GC(4) Concurrent Rebuild Remembered Sets
[2021-09-03T15:30:03.088+0900][gc,marking    ] GC(4) Concurrent Rebuild Remembered Sets 2.061ms
[2021-09-03T15:30:03.088+0900][gc,start      ] GC(4) Pause Cleanup
[2021-09-03T15:30:03.088+0900][gc            ] GC(4) Pause Cleanup 139M->139M(1024M) 0.153ms
[2021-09-03T15:30:03.088+0900][gc,cpu        ] GC(4) User=0.00s Sys=0.00s Real=0.00s
[2021-09-03T15:30:03.089+0900][gc,marking    ] GC(4) Concurrent Cleanup for Next Mark
[2021-09-03T15:30:03.093+0900][gc,marking    ] GC(4) Concurrent Cleanup for Next Mark 4.438ms
[2021-09-03T15:30:03.093+0900][gc            ] GC(4) Concurrent Cycle 13.399ms
[2021-09-03T15:30:05.741+0900][gc,heap,exit  ] Heap
[2021-09-03T15:30:05.741+0900][gc,heap,exit  ]  garbage-first heap   total 1048576K, used 149938K [0x00000007c0000000, 0x0000000800000000)
[2021-09-03T15:30:05.741+0900][gc,heap,exit  ]   region size 1024K, 12 young (12288K), 4 survivors (4096K)
[2021-09-03T15:30:05.741+0900][gc,heap,exit  ]  Metaspace       used 35768K, capacity 36818K, committed 36944K, reserved 1081344K
[2021-09-03T15:30:05.741+0900][gc,heap,exit  ]   class space    used 4352K, capacity 4796K, committed 4864K, reserved 1048576K
