[2021-09-03T17:05:33.308+0900][gc,heap] Heap region size: 1M
[2021-09-03T17:05:33.316+0900][gc     ] Using G1
[2021-09-03T17:05:33.316+0900][gc,heap,coops] Heap address: 0x00000007c0000000, size: 1024 MB, Compressed Oops mode: Zero based, Oop shift amount: 3
[2021-09-03T17:05:39.104+0900][gc,start     ] GC(0) Pause Young (Concurrent Start) (Metadata GC Threshold)
[2021-09-03T17:05:39.104+0900][gc,task      ] GC(0) Using 13 workers of 13 for evacuation
[2021-09-03T17:05:39.111+0900][gc,phases    ] GC(0)   Pre Evacuate Collection Set: 0.0ms
[2021-09-03T17:05:39.111+0900][gc,phases    ] GC(0)   Evacuate Collection Set: 5.9ms
[2021-09-03T17:05:39.111+0900][gc,phases    ] GC(0)   Post Evacuate Collection Set: 0.4ms
[2021-09-03T17:05:39.111+0900][gc,phases    ] GC(0)   Other: 1.0ms
[2021-09-03T17:05:39.111+0900][gc,heap      ] GC(0) Eden regions: 41->0(44)
[2021-09-03T17:05:39.111+0900][gc,heap      ] GC(0) Survivor regions: 0->7(7)
[2021-09-03T17:05:39.111+0900][gc,heap      ] GC(0) Old regions: 0->0
[2021-09-03T17:05:39.111+0900][gc,heap      ] GC(0) Humongous regions: 0->0
[2021-09-03T17:05:39.111+0900][gc,metaspace ] GC(0) Metaspace: 20665K->20665K(1069056K)
[2021-09-03T17:05:39.111+0900][gc           ] GC(0) Pause Young (Concurrent Start) (Metadata GC Threshold) 41M->6M(1024M) 7.411ms
[2021-09-03T17:05:39.111+0900][gc,cpu       ] GC(0) User=0.01s Sys=0.01s Real=0.01s
[2021-09-03T17:05:39.111+0900][gc           ] GC(1) Concurrent Cycle
[2021-09-03T17:05:39.111+0900][gc,marking   ] GC(1) Concurrent Clear Claimed Marks
[2021-09-03T17:05:39.111+0900][gc,marking   ] GC(1) Concurrent Clear Claimed Marks 0.039ms
[2021-09-03T17:05:39.111+0900][gc,marking   ] GC(1) Concurrent Scan Root Regions
[2021-09-03T17:05:39.113+0900][gc,marking   ] GC(1) Concurrent Scan Root Regions 1.433ms
[2021-09-03T17:05:39.113+0900][gc,marking   ] GC(1) Concurrent Mark (5.812s)
[2021-09-03T17:05:39.113+0900][gc,marking   ] GC(1) Concurrent Mark From Roots
[2021-09-03T17:05:39.113+0900][gc,task      ] GC(1) Using 3 workers of 3 for marking
[2021-09-03T17:05:39.113+0900][gc,marking   ] GC(1) Concurrent Mark From Roots 0.283ms
[2021-09-03T17:05:39.113+0900][gc,marking   ] GC(1) Concurrent Preclean
[2021-09-03T17:05:39.113+0900][gc,marking   ] GC(1) Concurrent Preclean 0.041ms
[2021-09-03T17:05:39.113+0900][gc,marking   ] GC(1) Concurrent Mark (5.812s, 5.812s) 0.374ms
[2021-09-03T17:05:39.113+0900][gc,start     ] GC(1) Pause Remark
[2021-09-03T17:05:39.114+0900][gc,stringtable] GC(1) Cleaned string and symbol table, strings: 7240 processed, 0 removed, symbols: 63348 processed, 41 removed
[2021-09-03T17:05:39.114+0900][gc            ] GC(1) Pause Remark 7M->7M(1024M) 1.396ms
[2021-09-03T17:05:39.114+0900][gc,cpu        ] GC(1) User=0.01s Sys=0.00s Real=0.00s
[2021-09-03T17:05:39.114+0900][gc,marking    ] GC(1) Concurrent Rebuild Remembered Sets
[2021-09-03T17:05:39.115+0900][gc,marking    ] GC(1) Concurrent Rebuild Remembered Sets 0.120ms
[2021-09-03T17:05:39.115+0900][gc,start      ] GC(1) Pause Cleanup
[2021-09-03T17:05:39.115+0900][gc            ] GC(1) Pause Cleanup 7M->7M(1024M) 0.185ms
[2021-09-03T17:05:39.115+0900][gc,cpu        ] GC(1) User=0.00s Sys=0.00s Real=0.00s
[2021-09-03T17:05:39.115+0900][gc,marking    ] GC(1) Concurrent Cleanup for Next Mark
[2021-09-03T17:05:39.119+0900][gc,marking    ] GC(1) Concurrent Cleanup for Next Mark 4.367ms
[2021-09-03T17:05:39.119+0900][gc            ] GC(1) Concurrent Cycle 8.393ms
[2021-09-03T17:05:40.010+0900][gc,start      ] GC(2) Pause Young (Normal) (G1 Evacuation Pause)
[2021-09-03T17:05:40.010+0900][gc,task       ] GC(2) Using 13 workers of 13 for evacuation
[2021-09-03T17:05:40.016+0900][gc,phases     ] GC(2)   Pre Evacuate Collection Set: 0.0ms
[2021-09-03T17:05:40.016+0900][gc,phases     ] GC(2)   Evacuate Collection Set: 5.4ms
[2021-09-03T17:05:40.016+0900][gc,phases     ] GC(2)   Post Evacuate Collection Set: 0.6ms
[2021-09-03T17:05:40.016+0900][gc,phases     ] GC(2)   Other: 0.1ms
[2021-09-03T17:05:40.016+0900][gc,heap       ] GC(2) Eden regions: 44->0(49)
[2021-09-03T17:05:40.016+0900][gc,heap       ] GC(2) Survivor regions: 7->2(7)
[2021-09-03T17:05:40.016+0900][gc,heap       ] GC(2) Old regions: 0->7
[2021-09-03T17:05:40.016+0900][gc,heap       ] GC(2) Humongous regions: 0->0
[2021-09-03T17:05:40.016+0900][gc,metaspace  ] GC(2) Metaspace: 30879K->30879K(1077248K)
[2021-09-03T17:05:40.016+0900][gc            ] GC(2) Pause Young (Normal) (G1 Evacuation Pause) 50M->8M(1024M) 6.211ms
[2021-09-03T17:05:40.016+0900][gc,cpu        ] GC(2) User=0.05s Sys=0.02s Real=0.00s
[2021-09-03T17:05:40.325+0900][gc,start      ] GC(3) Pause Young (Concurrent Start) (Metadata GC Threshold)
[2021-09-03T17:05:40.325+0900][gc,task       ] GC(3) Using 13 workers of 13 for evacuation
[2021-09-03T17:05:40.327+0900][gc,phases     ] GC(3)   Pre Evacuate Collection Set: 0.1ms
[2021-09-03T17:05:40.327+0900][gc,phases     ] GC(3)   Evacuate Collection Set: 1.7ms
[2021-09-03T17:05:40.328+0900][gc,phases     ] GC(3)   Post Evacuate Collection Set: 0.4ms
[2021-09-03T17:05:40.328+0900][gc,phases     ] GC(3)   Other: 0.3ms
[2021-09-03T17:05:40.328+0900][gc,heap       ] GC(3) Eden regions: 22->0(47)
[2021-09-03T17:05:40.328+0900][gc,heap       ] GC(3) Survivor regions: 2->4(7)
[2021-09-03T17:05:40.328+0900][gc,heap       ] GC(3) Old regions: 7->7
[2021-09-03T17:05:40.328+0900][gc,heap       ] GC(3) Humongous regions: 129->129
[2021-09-03T17:05:40.328+0900][gc,metaspace  ] GC(3) Metaspace: 34822K->34822K(1081344K)
[2021-09-03T17:05:40.328+0900][gc            ] GC(3) Pause Young (Concurrent Start) (Metadata GC Threshold) 158M->138M(1024M) 2.729ms
[2021-09-03T17:05:40.328+0900][gc,cpu        ] GC(3) User=0.01s Sys=0.00s Real=0.00s
[2021-09-03T17:05:40.328+0900][gc            ] GC(4) Concurrent Cycle
[2021-09-03T17:05:40.328+0900][gc,marking    ] GC(4) Concurrent Clear Claimed Marks
[2021-09-03T17:05:40.328+0900][gc,marking    ] GC(4) Concurrent Clear Claimed Marks 0.021ms
[2021-09-03T17:05:40.328+0900][gc,marking    ] GC(4) Concurrent Scan Root Regions
[2021-09-03T17:05:40.329+0900][gc,marking    ] GC(4) Concurrent Scan Root Regions 0.939ms
[2021-09-03T17:05:40.329+0900][gc,marking    ] GC(4) Concurrent Mark (7.028s)
[2021-09-03T17:05:40.329+0900][gc,marking    ] GC(4) Concurrent Mark From Roots
[2021-09-03T17:05:40.329+0900][gc,task       ] GC(4) Using 3 workers of 3 for marking
[2021-09-03T17:05:40.331+0900][gc,marking    ] GC(4) Concurrent Mark From Roots 2.511ms
[2021-09-03T17:05:40.331+0900][gc,marking    ] GC(4) Concurrent Preclean
[2021-09-03T17:05:40.331+0900][gc,marking    ] GC(4) Concurrent Preclean 0.058ms
[2021-09-03T17:05:40.331+0900][gc,marking    ] GC(4) Concurrent Mark (7.028s, 7.031s) 2.629ms
[2021-09-03T17:05:40.332+0900][gc,start      ] GC(4) Pause Remark
[2021-09-03T17:05:40.333+0900][gc,stringtable] GC(4) Cleaned string and symbol table, strings: 10998 processed, 10 removed, symbols: 95042 processed, 28 removed
[2021-09-03T17:05:40.333+0900][gc            ] GC(4) Pause Remark 139M->139M(1024M) 1.331ms
[2021-09-03T17:05:40.333+0900][gc,cpu        ] GC(4) User=0.01s Sys=0.00s Real=0.00s
[2021-09-03T17:05:40.333+0900][gc,marking    ] GC(4) Concurrent Rebuild Remembered Sets
[2021-09-03T17:05:40.335+0900][gc,marking    ] GC(4) Concurrent Rebuild Remembered Sets 1.771ms
[2021-09-03T17:05:40.335+0900][gc,start      ] GC(4) Pause Cleanup
[2021-09-03T17:05:40.335+0900][gc            ] GC(4) Pause Cleanup 139M->139M(1024M) 0.179ms
[2021-09-03T17:05:40.335+0900][gc,cpu        ] GC(4) User=0.00s Sys=0.00s Real=0.00s
[2021-09-03T17:05:40.335+0900][gc,marking    ] GC(4) Concurrent Cleanup for Next Mark
[2021-09-03T17:05:40.339+0900][gc,marking    ] GC(4) Concurrent Cleanup for Next Mark 4.350ms
[2021-09-03T17:05:40.340+0900][gc            ] GC(4) Concurrent Cycle 11.805ms
[2021-09-03T17:05:40.772+0900][gc,start      ] GC(5) Pause Young (Normal) (G1 Evacuation Pause)
[2021-09-03T17:05:40.772+0900][gc,task       ] GC(5) Using 13 workers of 13 for evacuation
[2021-09-03T17:05:40.776+0900][gc,phases     ] GC(5)   Pre Evacuate Collection Set: 0.0ms
[2021-09-03T17:05:40.776+0900][gc,phases     ] GC(5)   Evacuate Collection Set: 3.2ms
[2021-09-03T17:05:40.776+0900][gc,phases     ] GC(5)   Post Evacuate Collection Set: 0.4ms
[2021-09-03T17:05:40.776+0900][gc,phases     ] GC(5)   Other: 0.2ms
[2021-09-03T17:05:40.776+0900][gc,heap       ] GC(5) Eden regions: 47->0(44)
[2021-09-03T17:05:40.776+0900][gc,heap       ] GC(5) Survivor regions: 4->7(7)
[2021-09-03T17:05:40.776+0900][gc,heap       ] GC(5) Old regions: 7->7
[2021-09-03T17:05:40.776+0900][gc,heap       ] GC(5) Humongous regions: 129->129
[2021-09-03T17:05:40.776+0900][gc,metaspace  ] GC(5) Metaspace: 43732K->43732K(1089536K)
[2021-09-03T17:05:40.776+0900][gc            ] GC(5) Pause Young (Normal) (G1 Evacuation Pause) 185M->142M(1024M) 3.952ms
[2021-09-03T17:05:40.776+0900][gc,cpu        ] GC(5) User=0.05s Sys=0.00s Real=0.00s
[2021-09-03T17:07:06.417+0900][gc,start      ] GC(6) Pause Young (Normal) (G1 Evacuation Pause)
[2021-09-03T17:07:06.417+0900][gc,task       ] GC(6) Using 13 workers of 13 for evacuation
[2021-09-03T17:07:06.425+0900][gc,phases     ] GC(6)   Pre Evacuate Collection Set: 0.0ms
[2021-09-03T17:07:06.425+0900][gc,phases     ] GC(6)   Evacuate Collection Set: 7.5ms
[2021-09-03T17:07:06.425+0900][gc,phases     ] GC(6)   Post Evacuate Collection Set: 0.7ms
[2021-09-03T17:07:06.425+0900][gc,phases     ] GC(6)   Other: 0.4ms
[2021-09-03T17:07:06.425+0900][gc,heap       ] GC(6) Eden regions: 44->0(47)
[2021-09-03T17:07:06.425+0900][gc,heap       ] GC(6) Survivor regions: 7->4(7)
[2021-09-03T17:07:06.426+0900][gc,heap       ] GC(6) Old regions: 7->14
[2021-09-03T17:07:06.426+0900][gc,heap       ] GC(6) Humongous regions: 159->129
[2021-09-03T17:07:06.426+0900][gc,metaspace  ] GC(6) Metaspace: 50451K->50451K(1095680K)
[2021-09-03T17:07:06.426+0900][gc            ] GC(6) Pause Young (Normal) (G1 Evacuation Pause) 216M->145M(1024M) 8.778ms
[2021-09-03T17:07:06.426+0900][gc,cpu        ] GC(6) User=0.08s Sys=0.02s Real=0.01s
[2021-09-03T17:09:33.192+0900][gc,start      ] GC(7) Pause Young (Normal) (G1 Evacuation Pause)
[2021-09-03T17:09:33.192+0900][gc,task       ] GC(7) Using 13 workers of 13 for evacuation
[2021-09-03T17:09:33.197+0900][gc,phases     ] GC(7)   Pre Evacuate Collection Set: 0.0ms
[2021-09-03T17:09:33.197+0900][gc,phases     ] GC(7)   Evacuate Collection Set: 3.4ms
[2021-09-03T17:09:33.197+0900][gc,phases     ] GC(7)   Post Evacuate Collection Set: 0.5ms
[2021-09-03T17:09:33.197+0900][gc,phases     ] GC(7)   Other: 0.3ms
[2021-09-03T17:09:33.197+0900][gc,heap       ] GC(7) Eden regions: 47->0(46)
[2021-09-03T17:09:33.197+0900][gc,heap       ] GC(7) Survivor regions: 4->5(7)
[2021-09-03T17:09:33.197+0900][gc,heap       ] GC(7) Old regions: 14->14
[2021-09-03T17:09:33.197+0900][gc,heap       ] GC(7) Humongous regions: 129->129
[2021-09-03T17:09:33.197+0900][gc,metaspace  ] GC(7) Metaspace: 50752K->50752K(1095680K)
[2021-09-03T17:09:33.197+0900][gc            ] GC(7) Pause Young (Normal) (G1 Evacuation Pause) 192M->146M(1024M) 4.415ms
[2021-09-03T17:09:33.197+0900][gc,cpu        ] GC(7) User=0.04s Sys=0.00s Real=0.00s
[2021-09-03T17:11:57.941+0900][gc,start      ] GC(8) Pause Young (Normal) (G1 Evacuation Pause)
[2021-09-03T17:11:57.941+0900][gc,task       ] GC(8) Using 13 workers of 13 for evacuation
[2021-09-03T17:11:57.945+0900][gc,phases     ] GC(8)   Pre Evacuate Collection Set: 0.0ms
[2021-09-03T17:11:57.945+0900][gc,phases     ] GC(8)   Evacuate Collection Set: 3.2ms
[2021-09-03T17:11:57.945+0900][gc,phases     ] GC(8)   Post Evacuate Collection Set: 0.4ms
[2021-09-03T17:11:57.945+0900][gc,phases     ] GC(8)   Other: 0.2ms
[2021-09-03T17:11:57.945+0900][gc,heap       ] GC(8) Eden regions: 46->0(48)
[2021-09-03T17:11:57.945+0900][gc,heap       ] GC(8) Survivor regions: 5->3(7)
[2021-09-03T17:11:57.945+0900][gc,heap       ] GC(8) Old regions: 14->15
[2021-09-03T17:11:57.945+0900][gc,heap       ] GC(8) Humongous regions: 129->129
[2021-09-03T17:11:57.945+0900][gc,metaspace  ] GC(8) Metaspace: 51297K->51297K(1095680K)
[2021-09-03T17:11:57.945+0900][gc            ] GC(8) Pause Young (Normal) (G1 Evacuation Pause) 192M->146M(1024M) 3.940ms
[2021-09-03T17:11:57.945+0900][gc,cpu        ] GC(8) User=0.04s Sys=0.01s Real=0.00s
[2021-09-03T17:12:03.798+0900][gc,heap,exit  ] Heap
[2021-09-03T17:12:03.798+0900][gc,heap,exit  ]  garbage-first heap   total 1048576K, used 155835K [0x00000007c0000000, 0x0000000800000000)
[2021-09-03T17:12:03.798+0900][gc,heap,exit  ]   region size 1024K, 10 young (10240K), 3 survivors (3072K)
[2021-09-03T17:12:03.798+0900][gc,heap,exit  ]  Metaspace       used 51726K, capacity 54606K, committed 54652K, reserved 1095680K
[2021-09-03T17:12:03.798+0900][gc,heap,exit  ]   class space    used 6891K, capacity 8296K, committed 8316K, reserved 1048576K
