[2021-09-03T17:02:50.095+0900][gc,heap] Heap region size: 1M
[2021-09-03T17:02:50.103+0900][gc     ] Using G1
[2021-09-03T17:02:50.103+0900][gc,heap,coops] Heap address: 0x00000007c0000000, size: 1024 MB, Compressed Oops mode: Zero based, Oop shift amount: 3
[2021-09-03T17:02:56.112+0900][gc,start     ] GC(0) Pause Young (Concurrent Start) (Metadata GC Threshold)
[2021-09-03T17:02:56.112+0900][gc,task      ] GC(0) Using 13 workers of 13 for evacuation
[2021-09-03T17:02:56.121+0900][gc,phases    ] GC(0)   Pre Evacuate Collection Set: 0.0ms
[2021-09-03T17:02:56.121+0900][gc,phases    ] GC(0)   Evacuate Collection Set: 7.2ms
[2021-09-03T17:02:56.121+0900][gc,phases    ] GC(0)   Post Evacuate Collection Set: 0.7ms
[2021-09-03T17:02:56.121+0900][gc,phases    ] GC(0)   Other: 0.8ms
[2021-09-03T17:02:56.121+0900][gc,heap      ] GC(0) Eden regions: 41->0(44)
[2021-09-03T17:02:56.121+0900][gc,heap      ] GC(0) Survivor regions: 0->7(7)
[2021-09-03T17:02:56.121+0900][gc,heap      ] GC(0) Old regions: 0->0
[2021-09-03T17:02:56.121+0900][gc,heap      ] GC(0) Humongous regions: 0->0
[2021-09-03T17:02:56.121+0900][gc,metaspace ] GC(0) Metaspace: 20678K->20678K(1069056K)
[2021-09-03T17:02:56.121+0900][gc           ] GC(0) Pause Young (Concurrent Start) (Metadata GC Threshold) 41M->6M(1024M) 9.028ms
[2021-09-03T17:02:56.121+0900][gc,cpu       ] GC(0) User=0.02s Sys=0.00s Real=0.01s
[2021-09-03T17:02:56.121+0900][gc           ] GC(1) Concurrent Cycle
[2021-09-03T17:02:56.121+0900][gc,marking   ] GC(1) Concurrent Clear Claimed Marks
[2021-09-03T17:02:56.121+0900][gc,marking   ] GC(1) Concurrent Clear Claimed Marks 0.019ms
[2021-09-03T17:02:56.121+0900][gc,marking   ] GC(1) Concurrent Scan Root Regions
[2021-09-03T17:02:56.123+0900][gc,marking   ] GC(1) Concurrent Scan Root Regions 1.554ms
[2021-09-03T17:02:56.123+0900][gc,marking   ] GC(1) Concurrent Mark (6.034s)
[2021-09-03T17:02:56.123+0900][gc,marking   ] GC(1) Concurrent Mark From Roots
[2021-09-03T17:02:56.123+0900][gc,task      ] GC(1) Using 3 workers of 3 for marking
[2021-09-03T17:02:56.123+0900][gc,marking   ] GC(1) Concurrent Mark From Roots 0.214ms
[2021-09-03T17:02:56.123+0900][gc,marking   ] GC(1) Concurrent Preclean
[2021-09-03T17:02:56.123+0900][gc,marking   ] GC(1) Concurrent Preclean 0.035ms
[2021-09-03T17:02:56.123+0900][gc,marking   ] GC(1) Concurrent Mark (6.034s, 6.035s) 0.301ms
[2021-09-03T17:02:56.123+0900][gc,start     ] GC(1) Pause Remark
[2021-09-03T17:02:56.124+0900][gc,stringtable] GC(1) Cleaned string and symbol table, strings: 7234 processed, 0 removed, symbols: 63356 processed, 41 removed
[2021-09-03T17:02:56.125+0900][gc            ] GC(1) Pause Remark 7M->7M(1024M) 1.634ms
[2021-09-03T17:02:56.125+0900][gc,cpu        ] GC(1) User=0.01s Sys=0.00s Real=0.00s
[2021-09-03T17:02:56.125+0900][gc,marking    ] GC(1) Concurrent Rebuild Remembered Sets
[2021-09-03T17:02:56.125+0900][gc,marking    ] GC(1) Concurrent Rebuild Remembered Sets 0.069ms
[2021-09-03T17:02:56.126+0900][gc,start      ] GC(1) Pause Cleanup
[2021-09-03T17:02:56.126+0900][gc            ] GC(1) Pause Cleanup 7M->7M(1024M) 0.136ms
[2021-09-03T17:02:56.126+0900][gc,cpu        ] GC(1) User=0.00s Sys=0.01s Real=0.00s
[2021-09-03T17:02:56.126+0900][gc,marking    ] GC(1) Concurrent Cleanup for Next Mark
[2021-09-03T17:02:56.130+0900][gc,marking    ] GC(1) Concurrent Cleanup for Next Mark 4.573ms
[2021-09-03T17:02:56.130+0900][gc            ] GC(1) Concurrent Cycle 9.373ms
[2021-09-03T17:02:57.061+0900][gc,start      ] GC(2) Pause Young (Normal) (G1 Evacuation Pause)
[2021-09-03T17:02:57.061+0900][gc,task       ] GC(2) Using 13 workers of 13 for evacuation
[2021-09-03T17:02:57.067+0900][gc,phases     ] GC(2)   Pre Evacuate Collection Set: 0.0ms
[2021-09-03T17:02:57.067+0900][gc,phases     ] GC(2)   Evacuate Collection Set: 5.1ms
[2021-09-03T17:02:57.067+0900][gc,phases     ] GC(2)   Post Evacuate Collection Set: 0.4ms
[2021-09-03T17:02:57.067+0900][gc,phases     ] GC(2)   Other: 0.1ms
[2021-09-03T17:02:57.067+0900][gc,heap       ] GC(2) Eden regions: 44->0(49)
[2021-09-03T17:02:57.067+0900][gc,heap       ] GC(2) Survivor regions: 7->2(7)
[2021-09-03T17:02:57.067+0900][gc,heap       ] GC(2) Old regions: 0->7
[2021-09-03T17:02:57.067+0900][gc,heap       ] GC(2) Humongous regions: 0->0
[2021-09-03T17:02:57.067+0900][gc,metaspace  ] GC(2) Metaspace: 30895K->30895K(1077248K)
[2021-09-03T17:02:57.067+0900][gc            ] GC(2) Pause Young (Normal) (G1 Evacuation Pause) 50M->8M(1024M) 5.823ms
[2021-09-03T17:02:57.067+0900][gc,cpu        ] GC(2) User=0.06s Sys=0.02s Real=0.00s
[2021-09-03T17:02:57.394+0900][gc,start      ] GC(3) Pause Young (Concurrent Start) (Metadata GC Threshold)
[2021-09-03T17:02:57.394+0900][gc,task       ] GC(3) Using 13 workers of 13 for evacuation
[2021-09-03T17:02:57.396+0900][gc,phases     ] GC(3)   Pre Evacuate Collection Set: 0.1ms
[2021-09-03T17:02:57.396+0900][gc,phases     ] GC(3)   Evacuate Collection Set: 1.7ms
[2021-09-03T17:02:57.396+0900][gc,phases     ] GC(3)   Post Evacuate Collection Set: 0.3ms
[2021-09-03T17:02:57.396+0900][gc,phases     ] GC(3)   Other: 0.1ms
[2021-09-03T17:02:57.396+0900][gc,heap       ] GC(3) Eden regions: 22->0(47)
[2021-09-03T17:02:57.396+0900][gc,heap       ] GC(3) Survivor regions: 2->4(7)
[2021-09-03T17:02:57.396+0900][gc,heap       ] GC(3) Old regions: 7->7
[2021-09-03T17:02:57.396+0900][gc,heap       ] GC(3) Humongous regions: 129->129
[2021-09-03T17:02:57.396+0900][gc,metaspace  ] GC(3) Metaspace: 34758K->34758K(1081344K)
[2021-09-03T17:02:57.396+0900][gc            ] GC(3) Pause Young (Concurrent Start) (Metadata GC Threshold) 158M->138M(1024M) 2.311ms
[2021-09-03T17:02:57.396+0900][gc,cpu        ] GC(3) User=0.02s Sys=0.00s Real=0.00s
[2021-09-03T17:02:57.396+0900][gc            ] GC(4) Concurrent Cycle
[2021-09-03T17:02:57.396+0900][gc,marking    ] GC(4) Concurrent Clear Claimed Marks
[2021-09-03T17:02:57.396+0900][gc,marking    ] GC(4) Concurrent Clear Claimed Marks 0.039ms
[2021-09-03T17:02:57.396+0900][gc,marking    ] GC(4) Concurrent Scan Root Regions
[2021-09-03T17:02:57.397+0900][gc,marking    ] GC(4) Concurrent Scan Root Regions 0.850ms
[2021-09-03T17:02:57.397+0900][gc,marking    ] GC(4) Concurrent Mark (7.309s)
[2021-09-03T17:02:57.397+0900][gc,marking    ] GC(4) Concurrent Mark From Roots
[2021-09-03T17:02:57.397+0900][gc,task       ] GC(4) Using 3 workers of 3 for marking
[2021-09-03T17:02:57.400+0900][gc,marking    ] GC(4) Concurrent Mark From Roots 2.231ms
[2021-09-03T17:02:57.400+0900][gc,marking    ] GC(4) Concurrent Preclean
[2021-09-03T17:02:57.400+0900][gc,marking    ] GC(4) Concurrent Preclean 0.073ms
[2021-09-03T17:02:57.400+0900][gc,marking    ] GC(4) Concurrent Mark (7.309s, 7.311s) 2.372ms
[2021-09-03T17:02:57.400+0900][gc,start      ] GC(4) Pause Remark
[2021-09-03T17:02:57.401+0900][gc,stringtable] GC(4) Cleaned string and symbol table, strings: 10970 processed, 10 removed, symbols: 94938 processed, 28 removed
[2021-09-03T17:02:57.401+0900][gc            ] GC(4) Pause Remark 139M->139M(1024M) 1.481ms
[2021-09-03T17:02:57.401+0900][gc,cpu        ] GC(4) User=0.01s Sys=0.01s Real=0.00s
[2021-09-03T17:02:57.401+0900][gc,marking    ] GC(4) Concurrent Rebuild Remembered Sets
[2021-09-03T17:02:57.403+0900][gc,marking    ] GC(4) Concurrent Rebuild Remembered Sets 1.682ms
[2021-09-03T17:02:57.403+0900][gc,start      ] GC(4) Pause Cleanup
[2021-09-03T17:02:57.403+0900][gc            ] GC(4) Pause Cleanup 139M->139M(1024M) 0.173ms
[2021-09-03T17:02:57.404+0900][gc,cpu        ] GC(4) User=0.00s Sys=0.00s Real=0.00s
[2021-09-03T17:02:57.404+0900][gc,marking    ] GC(4) Concurrent Cleanup for Next Mark
[2021-09-03T17:02:57.408+0900][gc,marking    ] GC(4) Concurrent Cleanup for Next Mark 3.923ms
[2021-09-03T17:02:57.408+0900][gc            ] GC(4) Concurrent Cycle 11.178ms
[2021-09-03T17:03:01.950+0900][gc,heap,exit  ] Heap
[2021-09-03T17:03:01.950+0900][gc,heap,exit  ]  garbage-first heap   total 1048576K, used 182870K [0x00000007c0000000, 0x0000000800000000)
[2021-09-03T17:03:01.950+0900][gc,heap,exit  ]   region size 1024K, 45 young (46080K), 4 survivors (4096K)
[2021-09-03T17:03:01.950+0900][gc,heap,exit  ]  Metaspace       used 40611K, capacity 42032K, committed 42320K, reserved 1085440K
[2021-09-03T17:03:01.950+0900][gc,heap,exit  ]   class space    used 5097K, capacity 5751K, committed 5808K, reserved 1048576K
