[2021-09-03T15:34:36.333+0900][gc,heap] Heap region size: 1M
[2021-09-03T15:34:36.340+0900][gc     ] Using G1
[2021-09-03T15:34:36.340+0900][gc,heap,coops] Heap address: 0x00000007c0000000, size: 1024 MB, Compressed Oops mode: Zero based, Oop shift amount: 3
[2021-09-03T15:34:42.121+0900][gc,start     ] GC(0) Pause Young (Concurrent Start) (Metadata GC Threshold)
[2021-09-03T15:34:42.122+0900][gc,task      ] GC(0) Using 13 workers of 13 for evacuation
[2021-09-03T15:34:42.129+0900][gc,phases    ] GC(0)   Pre Evacuate Collection Set: 0.0ms
[2021-09-03T15:34:42.129+0900][gc,phases    ] GC(0)   Evacuate Collection Set: 5.9ms
[2021-09-03T15:34:42.129+0900][gc,phases    ] GC(0)   Post Evacuate Collection Set: 0.4ms
[2021-09-03T15:34:42.129+0900][gc,phases    ] GC(0)   Other: 1.2ms
[2021-09-03T15:34:42.129+0900][gc,heap      ] GC(0) Eden regions: 42->0(44)
[2021-09-03T15:34:42.129+0900][gc,heap      ] GC(0) Survivor regions: 0->7(7)
[2021-09-03T15:34:42.129+0900][gc,heap      ] GC(0) Old regions: 0->0
[2021-09-03T15:34:42.129+0900][gc,heap      ] GC(0) Humongous regions: 0->0
[2021-09-03T15:34:42.129+0900][gc,metaspace ] GC(0) Metaspace: 20694K->20694K(1069056K)
[2021-09-03T15:34:42.129+0900][gc           ] GC(0) Pause Young (Concurrent Start) (Metadata GC Threshold) 41M->6M(1024M) 7.741ms
[2021-09-03T15:34:42.129+0900][gc,cpu       ] GC(0) User=0.02s Sys=0.01s Real=0.00s
[2021-09-03T15:34:42.129+0900][gc           ] GC(1) Concurrent Cycle
[2021-09-03T15:34:42.129+0900][gc,marking   ] GC(1) Concurrent Clear Claimed Marks
[2021-09-03T15:34:42.129+0900][gc,marking   ] GC(1) Concurrent Clear Claimed Marks 0.061ms
[2021-09-03T15:34:42.129+0900][gc,marking   ] GC(1) Concurrent Scan Root Regions
[2021-09-03T15:34:42.131+0900][gc,marking   ] GC(1) Concurrent Scan Root Regions 1.620ms
[2021-09-03T15:34:42.131+0900][gc,marking   ] GC(1) Concurrent Mark (5.805s)
[2021-09-03T15:34:42.131+0900][gc,marking   ] GC(1) Concurrent Mark From Roots
[2021-09-03T15:34:42.131+0900][gc,task      ] GC(1) Using 3 workers of 3 for marking
[2021-09-03T15:34:42.131+0900][gc,marking   ] GC(1) Concurrent Mark From Roots 0.171ms
[2021-09-03T15:34:42.131+0900][gc,marking   ] GC(1) Concurrent Preclean
[2021-09-03T15:34:42.131+0900][gc,marking   ] GC(1) Concurrent Preclean 0.043ms
[2021-09-03T15:34:42.131+0900][gc,marking   ] GC(1) Concurrent Mark (5.805s, 5.805s) 0.270ms
[2021-09-03T15:34:42.131+0900][gc,start     ] GC(1) Pause Remark
[2021-09-03T15:34:42.132+0900][gc,stringtable] GC(1) Cleaned string and symbol table, strings: 7250 processed, 0 removed, symbols: 63348 processed, 41 removed
[2021-09-03T15:34:42.133+0900][gc            ] GC(1) Pause Remark 7M->7M(1024M) 1.223ms
[2021-09-03T15:34:42.133+0900][gc,cpu        ] GC(1) User=0.00s Sys=0.00s Real=0.00s
[2021-09-03T15:34:42.133+0900][gc,marking    ] GC(1) Concurrent Rebuild Remembered Sets
[2021-09-03T15:34:42.133+0900][gc,marking    ] GC(1) Concurrent Rebuild Remembered Sets 0.115ms
[2021-09-03T15:34:42.133+0900][gc,start      ] GC(1) Pause Cleanup
[2021-09-03T15:34:42.133+0900][gc            ] GC(1) Pause Cleanup 7M->7M(1024M) 0.159ms
[2021-09-03T15:34:42.133+0900][gc,cpu        ] GC(1) User=0.00s Sys=0.00s Real=0.00s
[2021-09-03T15:34:42.133+0900][gc,marking    ] GC(1) Concurrent Cleanup for Next Mark
[2021-09-03T15:34:42.137+0900][gc,marking    ] GC(1) Concurrent Cleanup for Next Mark 3.746ms
[2021-09-03T15:34:42.137+0900][gc            ] GC(1) Concurrent Cycle 7.977ms
[2021-09-03T15:34:43.014+0900][gc,start      ] GC(2) Pause Young (Normal) (G1 Evacuation Pause)
[2021-09-03T15:34:43.014+0900][gc,task       ] GC(2) Using 13 workers of 13 for evacuation
[2021-09-03T15:34:43.019+0900][gc,phases     ] GC(2)   Pre Evacuate Collection Set: 0.0ms
[2021-09-03T15:34:43.019+0900][gc,phases     ] GC(2)   Evacuate Collection Set: 4.6ms
[2021-09-03T15:34:43.019+0900][gc,phases     ] GC(2)   Post Evacuate Collection Set: 0.4ms
[2021-09-03T15:34:43.019+0900][gc,phases     ] GC(2)   Other: 0.2ms
[2021-09-03T15:34:43.019+0900][gc,heap       ] GC(2) Eden regions: 44->0(48)
[2021-09-03T15:34:43.019+0900][gc,heap       ] GC(2) Survivor regions: 7->3(7)
[2021-09-03T15:34:43.019+0900][gc,heap       ] GC(2) Old regions: 0->7
[2021-09-03T15:34:43.019+0900][gc,heap       ] GC(2) Humongous regions: 129->129
[2021-09-03T15:34:43.019+0900][gc,metaspace  ] GC(2) Metaspace: 30836K->30836K(1077248K)
[2021-09-03T15:34:43.019+0900][gc            ] GC(2) Pause Young (Normal) (G1 Evacuation Pause) 179M->137M(1024M) 5.287ms
[2021-09-03T15:34:43.019+0900][gc,cpu        ] GC(2) User=0.04s Sys=0.01s Real=0.00s
[2021-09-03T15:34:43.236+0900][gc,start      ] GC(3) Pause Young (Concurrent Start) (Metadata GC Threshold)
[2021-09-03T15:34:43.236+0900][gc,task       ] GC(3) Using 13 workers of 13 for evacuation
[2021-09-03T15:34:43.239+0900][gc,phases     ] GC(3)   Pre Evacuate Collection Set: 0.1ms
[2021-09-03T15:34:43.239+0900][gc,phases     ] GC(3)   Evacuate Collection Set: 2.3ms
[2021-09-03T15:34:43.239+0900][gc,phases     ] GC(3)   Post Evacuate Collection Set: 0.4ms
[2021-09-03T15:34:43.239+0900][gc,phases     ] GC(3)   Other: 0.2ms
[2021-09-03T15:34:43.239+0900][gc,heap       ] GC(3) Eden regions: 23->0(47)
[2021-09-03T15:34:43.239+0900][gc,heap       ] GC(3) Survivor regions: 3->4(7)
[2021-09-03T15:34:43.239+0900][gc,heap       ] GC(3) Old regions: 7->7
[2021-09-03T15:34:43.239+0900][gc,heap       ] GC(3) Humongous regions: 129->129
[2021-09-03T15:34:43.239+0900][gc,metaspace  ] GC(3) Metaspace: 34978K->34978K(1081344K)
[2021-09-03T15:34:43.239+0900][gc            ] GC(3) Pause Young (Concurrent Start) (Metadata GC Threshold) 160M->139M(1024M) 3.017ms
[2021-09-03T15:34:43.239+0900][gc,cpu        ] GC(3) User=0.03s Sys=0.00s Real=0.00s
[2021-09-03T15:34:43.239+0900][gc            ] GC(4) Concurrent Cycle
[2021-09-03T15:34:43.239+0900][gc,marking    ] GC(4) Concurrent Clear Claimed Marks
[2021-09-03T15:34:43.239+0900][gc,marking    ] GC(4) Concurrent Clear Claimed Marks 0.065ms
[2021-09-03T15:34:43.239+0900][gc,marking    ] GC(4) Concurrent Scan Root Regions
[2021-09-03T15:34:43.240+0900][gc,marking    ] GC(4) Concurrent Scan Root Regions 1.254ms
[2021-09-03T15:34:43.240+0900][gc,marking    ] GC(4) Concurrent Mark (6.914s)
[2021-09-03T15:34:43.240+0900][gc,marking    ] GC(4) Concurrent Mark From Roots
[2021-09-03T15:34:43.240+0900][gc,task       ] GC(4) Using 3 workers of 3 for marking
[2021-09-03T15:34:43.243+0900][gc,marking    ] GC(4) Concurrent Mark From Roots 2.806ms
[2021-09-03T15:34:43.243+0900][gc,marking    ] GC(4) Concurrent Preclean
[2021-09-03T15:34:43.243+0900][gc,marking    ] GC(4) Concurrent Preclean 0.083ms
[2021-09-03T15:34:43.243+0900][gc,marking    ] GC(4) Concurrent Mark (6.914s, 6.917s) 3.000ms
[2021-09-03T15:34:43.243+0900][gc,start      ] GC(4) Pause Remark
[2021-09-03T15:34:43.245+0900][gc,stringtable] GC(4) Cleaned string and symbol table, strings: 11451 processed, 9 removed, symbols: 94148 processed, 29 removed
[2021-09-03T15:34:43.245+0900][gc            ] GC(4) Pause Remark 139M->139M(1024M) 1.567ms
[2021-09-03T15:34:43.245+0900][gc,cpu        ] GC(4) User=0.02s Sys=0.00s Real=0.00s
[2021-09-03T15:34:43.245+0900][gc,marking    ] GC(4) Concurrent Rebuild Remembered Sets
[2021-09-03T15:34:43.247+0900][gc,marking    ] GC(4) Concurrent Rebuild Remembered Sets 1.821ms
[2021-09-03T15:34:43.247+0900][gc,start      ] GC(4) Pause Cleanup
[2021-09-03T15:34:43.247+0900][gc            ] GC(4) Pause Cleanup 139M->139M(1024M) 0.192ms
[2021-09-03T15:34:43.247+0900][gc,cpu        ] GC(4) User=0.00s Sys=0.00s Real=0.00s
[2021-09-03T15:34:43.247+0900][gc,marking    ] GC(4) Concurrent Cleanup for Next Mark
[2021-09-03T15:34:43.252+0900][gc,marking    ] GC(4) Concurrent Cleanup for Next Mark 4.496ms
[2021-09-03T15:34:43.252+0900][gc            ] GC(4) Concurrent Cycle 13.116ms
[2021-09-03T15:44:59.170+0900][gc,start      ] GC(5) Pause Young (Normal) (G1 Evacuation Pause)
[2021-09-03T15:44:59.170+0900][gc,task       ] GC(5) Using 13 workers of 13 for evacuation
[2021-09-03T15:44:59.175+0900][gc,phases     ] GC(5)   Pre Evacuate Collection Set: 0.0ms
[2021-09-03T15:44:59.175+0900][gc,phases     ] GC(5)   Evacuate Collection Set: 3.7ms
[2021-09-03T15:44:59.175+0900][gc,phases     ] GC(5)   Post Evacuate Collection Set: 0.5ms
[2021-09-03T15:44:59.175+0900][gc,phases     ] GC(5)   Other: 0.3ms
[2021-09-03T15:44:59.175+0900][gc,heap       ] GC(5) Eden regions: 47->0(46)
[2021-09-03T15:44:59.175+0900][gc,heap       ] GC(5) Survivor regions: 4->5(7)
[2021-09-03T15:44:59.175+0900][gc,heap       ] GC(5) Old regions: 7->9
[2021-09-03T15:44:59.175+0900][gc,heap       ] GC(5) Humongous regions: 129->129
[2021-09-03T15:44:59.175+0900][gc,metaspace  ] GC(5) Metaspace: 44065K->44065K(1089536K)
[2021-09-03T15:44:59.175+0900][gc            ] GC(5) Pause Young (Normal) (G1 Evacuation Pause) 186M->141M(1024M) 4.619ms
[2021-09-03T15:44:59.175+0900][gc,cpu        ] GC(5) User=0.04s Sys=0.01s Real=0.00s
[2021-09-03T15:45:04.200+0900][gc,heap,exit  ] Heap
[2021-09-03T15:45:04.200+0900][gc,heap,exit  ]  garbage-first heap   total 1048576K, used 155523K [0x00000007c0000000, 0x0000000800000000)
[2021-09-03T15:45:04.200+0900][gc,heap,exit  ]   region size 1024K, 16 young (16384K), 5 survivors (5120K)
[2021-09-03T15:45:04.200+0900][gc,heap,exit  ]  Metaspace       used 44924K, capacity 46598K, committed 46800K, reserved 1089536K
[2021-09-03T15:45:04.200+0900][gc,heap,exit  ]   class space    used 5658K, capacity 6469K, committed 6528K, reserved 1048576K
