[2021-09-03T17:02:37.928+0900][gc,heap] Heap region size: 1M
[2021-09-03T17:02:37.932+0900][gc     ] Using G1
[2021-09-03T17:02:37.932+0900][gc,heap,coops] Heap address: 0x00000007e0000000, size: 512 MB, Compressed Oops mode: Zero based, Oop shift amount: 3
[2021-09-03T17:02:43.473+0900][gc,start     ] GC(0) Pause Young (Normal) (G1 Evacuation Pause)
[2021-09-03T17:02:43.473+0900][gc,task      ] GC(0) Using 12 workers of 13 for evacuation
[2021-09-03T17:02:43.478+0900][gc,phases    ] GC(0)   Pre Evacuate Collection Set: 0.0ms
[2021-09-03T17:02:43.478+0900][gc,phases    ] GC(0)   Evacuate Collection Set: 4.1ms
[2021-09-03T17:02:43.478+0900][gc,phases    ] GC(0)   Post Evacuate Collection Set: 0.5ms
[2021-09-03T17:02:43.478+0900][gc,phases    ] GC(0)   Other: 0.5ms
[2021-09-03T17:02:43.478+0900][gc,heap      ] GC(0) Eden regions: 25->0(21)
[2021-09-03T17:02:43.478+0900][gc,heap      ] GC(0) Survivor regions: 0->4(4)
[2021-09-03T17:02:43.478+0900][gc,heap      ] GC(0) Old regions: 0->2
[2021-09-03T17:02:43.478+0900][gc,heap      ] GC(0) Humongous regions: 0->0
[2021-09-03T17:02:43.478+0900][gc,metaspace ] GC(0) Metaspace: 15270K->15270K(1062912K)
[2021-09-03T17:02:43.478+0900][gc           ] GC(0) Pause Young (Normal) (G1 Evacuation Pause) 25M->5M(512M) 5.192ms
[2021-09-03T17:02:43.478+0900][gc,cpu       ] GC(0) User=0.03s Sys=0.02s Real=0.00s
[2021-09-03T17:18:02.289+0900][gc,heap,exit ] Heap
[2021-09-03T17:18:02.289+0900][gc,heap,exit ]  garbage-first heap   total 524288K, used 15216K [0x00000007e0000000, 0x0000000800000000)
[2021-09-03T17:18:02.289+0900][gc,heap,exit ]   region size 1024K, 14 young (14336K), 4 survivors (4096K)
[2021-09-03T17:18:02.289+0900][gc,heap,exit ]  Metaspace       used 16223K, capacity 16568K, committed 16896K, reserved 1064960K
[2021-09-03T17:18:02.289+0900][gc,heap,exit ]   class space    used 1589K, capacity 1708K, committed 1792K, reserved 1048576K
